../main/Src/drive.c:38:6:Drive_Test_Menu	4	static
../main/Src/drive.c:48:6:Save_Length	16	static
../main/Src/drive.c:61:6:Drive_LPTIM5_IRQ	4	static
../main/Src/drive.c:72:6:Drive_Start	8	static
../main/Src/drive.c:76:6:Drive_Stop	8	static
../main/Src/drive.c:80:6:Buzzer_Start	8	static
../main/Src/drive.c:85:6:Buzzer_Stop	8	static
../main/Src/drive.c:101:6:Drive_First	4	static
../main/Src/drive.c:111:6:Drive_Second	4	static
../main/Src/drive.c:116:6:Drive_Third	4	static
../main/Src/drive.c:120:6:Drive_Forth	4	static
../main/Src/drive.c:124:6:Mark_Debug	4	static
