../main/Src/drive.c:39:6:Drive_Test_Menu	4	static
../main/Src/drive.c:49:6:Save_Length	16	static
../main/Src/drive.c:62:6:Drive_LPTIM5_IRQ	4	static
../main/Src/drive.c:73:6:Drive_Start	8	static
../main/Src/drive.c:77:6:Drive_Stop	8	static
../main/Src/drive.c:81:6:Buzzer_Start	8	static
../main/Src/drive.c:86:6:Buzzer_Stop	8	static
../main/Src/drive.c:102:6:Drive_First	4	static
../main/Src/drive.c:112:6:Drive_Second	4	static
../main/Src/drive.c:117:6:Drive_Third	4	static
../main/Src/drive.c:121:6:Drive_Forth	4	static
../main/Src/drive.c:125:6:Mark_Debug	4	static
