../main/Src/sensor.c:53:26:Battery_ADC_Read	8	static,ignoring_inline_asm
../main/Src/sensor.c:72:6:Battery_LPTIM3_IRQ	8	static
../main/Src/sensor.c:80:6:Battery_Test	4	static
../main/Src/sensor.c:84:6:Battery_Start	8	static
../main/Src/sensor.c:87:6:Battery_Stop	8	static
../main/Src/sensor.c:91:6:Sensor_Start	8	static
../main/Src/sensor.c:95:6:Sensor_Stop	8	static
../main/Src/sensor.c:101:6:Sensor_Test_Menu	4	static
../main/Src/sensor.c:107:6:TIM6_Sensor_IRQ	32	static
../main/Src/sensor.c:177:6:Sensor_Test_Raw	4	static
../main/Src/sensor.c:188:6:Sensor_Calibration	4	static
../main/Src/sensor.c:201:6:Sensor_Normalized	4	static
../main/Src/sensor.c:210:6:Sensor_State	4	static
../main/Src/sensor.c:219:6:Position_Test	4	static
