../Drivers/BSP/Components/vl53l4cx/modules/vl53lx_api.c:95:14:VL53LX_GetVersion	24	static
../Drivers/BSP/Components/vl53l4cx/modules/vl53lx_api.c:111:14:VL53LX_GetProductRevision	40	static
../Drivers/BSP/Components/vl53l4cx/modules/vl53lx_api.c:130:14:VL53LX_GetDeviceInfo	32	static
../Drivers/BSP/Components/vl53l4cx/modules/vl53lx_api.c:152:14:VL53LX_GetUID	32	static
../Drivers/BSP/Components/vl53l4cx/modules/vl53lx_api.c:171:14:VL53LX_SetDeviceAddress	32	static
../Drivers/BSP/Components/vl53l4cx/modules/vl53lx_api.c:189:14:VL53LX_DataInit	32	static
../Drivers/BSP/Components/vl53l4cx/modules/vl53lx_api.c:247:14:VL53LX_WaitDeviceBooted	24	static
../Drivers/BSP/Components/vl53l4cx/modules/vl53lx_api.c:263:21:ComputeDevicePresetMode	24	static
../Drivers/BSP/Components/vl53l4cx/modules/vl53lx_api.c:291:21:SetPresetModeL3CX	72	static
../Drivers/BSP/Components/vl53l4cx/modules/vl53lx_api.c:336:12:IsL4	24	static
../Drivers/BSP/Components/vl53l4cx/modules/vl53lx_api.c:348:21:CheckValidRectRoi	24	static
../Drivers/BSP/Components/vl53l4cx/modules/vl53lx_api.c:367:14:VL53LX_SetDistanceMode	40	static
../Drivers/BSP/Components/vl53l4cx/modules/vl53lx_api.c:418:14:VL53LX_GetDistanceMode	24	static
../Drivers/BSP/Components/vl53l4cx/modules/vl53lx_api.c:432:14:VL53LX_SetMeasurementTimingBudgetMicroSeconds	48	static
../Drivers/BSP/Components/vl53l4cx/modules/vl53lx_api.c:497:14:VL53LX_GetMeasurementTimingBudgetMicroSeconds	32	static
../Drivers/BSP/Components/vl53l4cx/modules/vl53lx_api.c:527:14:VL53LX_SetUserROI	80	static
../Drivers/BSP/Components/vl53l4cx/modules/vl53lx_api.c:557:14:VL53LX_GetUserROI	80	static
../Drivers/BSP/Components/vl53l4cx/modules/vl53lx_api.c:592:14:VL53LX_StartMeasurement	32	static
../Drivers/BSP/Components/vl53l4cx/modules/vl53lx_api.c:622:14:VL53LX_StopMeasurement	24	static
../Drivers/BSP/Components/vl53l4cx/modules/vl53lx_api.c:637:14:VL53LX_ClearInterruptAndStartMeasurement	24	static
../Drivers/BSP/Components/vl53l4cx/modules/vl53lx_api.c:654:14:VL53LX_GetMeasurementDataReady	24	static
../Drivers/BSP/Components/vl53l4cx/modules/vl53lx_api.c:667:14:VL53LX_WaitMeasurementDataReady	24	static
../Drivers/BSP/Components/vl53l4cx/modules/vl53lx_api.c:682:16:ConvertStatusHisto	24	static
../Drivers/BSP/Components/vl53l4cx/modules/vl53lx_api.c:719:21:SetTargetData	64	static
../Drivers/BSP/Components/vl53l4cx/modules/vl53lx_api.c:977:21:SetMeasurementData	72	static
../Drivers/BSP/Components/vl53l4cx/modules/vl53lx_api.c:1031:14:VL53LX_GetMultiRangingData	32	static
../Drivers/BSP/Components/vl53l4cx/modules/vl53lx_api.c:1060:14:VL53LX_GetAdditionalData	24	static
../Drivers/BSP/Components/vl53l4cx/modules/vl53lx_api.c:1078:14:VL53LX_SetTuningParameter	32	static
../Drivers/BSP/Components/vl53l4cx/modules/vl53lx_api.c:1104:14:VL53LX_GetTuningParameter	32	static
../Drivers/BSP/Components/vl53l4cx/modules/vl53lx_api.c:1127:14:VL53LX_PerformRefSpadManagement	72	static
../Drivers/BSP/Components/vl53l4cx/modules/vl53lx_api.c:1194:14:VL53LX_SmudgeCorrectionEnable	24	static
../Drivers/BSP/Components/vl53l4cx/modules/vl53lx_api.c:1243:14:VL53LX_SetXTalkCompensationEnable	24	static
../Drivers/BSP/Components/vl53l4cx/modules/vl53lx_api.c:1260:14:VL53LX_GetXTalkCompensationEnable	24	static
../Drivers/BSP/Components/vl53l4cx/modules/vl53lx_api.c:1275:14:VL53LX_PerformXTalkCalibration	480	static
../Drivers/BSP/Components/vl53l4cx/modules/vl53lx_api.c:1351:14:VL53LX_SetOffsetCorrectionMode	24	static
../Drivers/BSP/Components/vl53l4cx/modules/vl53lx_api.c:1380:14:VL53LX_PerformOffsetSimpleCalibration	160	static
../Drivers/BSP/Components/vl53l4cx/modules/vl53lx_api.c:1481:14:VL53LX_PerformOffsetZeroDistanceCalibration	168	static
../Drivers/BSP/Components/vl53l4cx/modules/vl53lx_api.c:1573:14:VL53LX_SetCalibrationData	440	static
../Drivers/BSP/Components/vl53l4cx/modules/vl53lx_api.c:1689:14:VL53LX_GetCalibrationData	448	static
../Drivers/BSP/Components/vl53l4cx/modules/vl53lx_api.c:1801:14:VL53LX_PerformOffsetPerVcselCalibration	184	static
../Drivers/BSP/Components/vl53l4cx/modules/vl53lx_api.c:1945:14:VL53LX_GetOpticalCenter	408	static
