../Drivers/BSP/Components/vl53l4cx/modules/vl53lx_api_core.c:53:21:select_offset_per_vcsel	24	static
../Drivers/BSP/Components/vl53l4cx/modules/vl53lx_api_core.c:87:13:vl53lx_diff_histo_stddev	48	static
../Drivers/BSP/Components/vl53l4cx/modules/vl53lx_api_core.c:115:13:vl53lx_histo_merge	64	static
../Drivers/BSP/Components/vl53l4cx/modules/vl53lx_api_core.c:198:14:VL53LX_load_patch	288	static
../Drivers/BSP/Components/vl53l4cx/modules/vl53lx_api_core.c:285:14:VL53LX_unload_patch	24	static
../Drivers/BSP/Components/vl53l4cx/modules/vl53lx_api_core.c:309:14:VL53LX_get_version	24	static
../Drivers/BSP/Components/vl53l4cx/modules/vl53lx_api_core.c:325:14:VL53LX_data_init	56	static
../Drivers/BSP/Components/vl53l4cx/modules/vl53lx_api_core.c:573:14:VL53LX_read_p2p_data	80	static
../Drivers/BSP/Components/vl53l4cx/modules/vl53lx_api_core.c:745:14:VL53LX_set_part_to_part_data	40	static
../Drivers/BSP/Components/vl53l4cx/modules/vl53lx_api_core.c:865:14:VL53LX_get_part_to_part_data	32	static
../Drivers/BSP/Components/vl53l4cx/modules/vl53lx_api_core.c:956:14:VL53LX_set_inter_measurement_period_ms	24	static
../Drivers/BSP/Components/vl53l4cx/modules/vl53lx_api_core.c:983:14:VL53LX_get_inter_measurement_period_ms	24	static
../Drivers/BSP/Components/vl53l4cx/modules/vl53lx_api_core.c:1009:14:VL53LX_set_timeouts_us	40	static
../Drivers/BSP/Components/vl53l4cx/modules/vl53lx_api_core.c:1048:14:VL53LX_get_timeouts_us	40	static
../Drivers/BSP/Components/vl53l4cx/modules/vl53lx_api_core.c:1119:14:VL53LX_set_user_zone	24	static
../Drivers/BSP/Components/vl53l4cx/modules/vl53lx_api_core.c:1150:14:VL53LX_get_user_zone	24	static
../Drivers/BSP/Components/vl53l4cx/modules/vl53lx_api_core.c:1180:14:VL53LX_get_mode_mitigation_roi	32	static
../Drivers/BSP/Components/vl53l4cx/modules/vl53lx_api_core.c:1215:14:VL53LX_init_zone_config_histogram_bins	24	static
../Drivers/BSP/Components/vl53l4cx/modules/vl53lx_api_core.c:1234:14:VL53LX_set_zone_config	24	static
../Drivers/BSP/Components/vl53l4cx/modules/vl53lx_api_core.c:1274:14:VL53LX_get_zone_config	24	static
../Drivers/BSP/Components/vl53l4cx/modules/vl53lx_api_core.c:1294:14:VL53LX_get_preset_mode_timing_cfg	32	static
../Drivers/BSP/Components/vl53l4cx/modules/vl53lx_api_core.c:1356:14:VL53LX_set_preset_mode	96	static
../Drivers/BSP/Components/vl53l4cx/modules/vl53lx_api_core.c:1487:15:VL53LX_enable_xtalk_compensation	40	static
../Drivers/BSP/Components/vl53l4cx/modules/vl53lx_api_core.c:1562:6:VL53LX_get_xtalk_compensation_enable	24	static
../Drivers/BSP/Components/vl53l4cx/modules/vl53lx_api_core.c:1580:15:VL53LX_disable_xtalk_compensation	32	static
../Drivers/BSP/Components/vl53l4cx/modules/vl53lx_api_core.c:1632:14:VL53LX_init_and_start_range	336	static
../Drivers/BSP/Components/vl53l4cx/modules/vl53lx_api_core.c:1918:14:VL53LX_stop_range	32	static
../Drivers/BSP/Components/vl53l4cx/modules/vl53lx_api_core.c:1967:14:VL53LX_get_measurement_results	296	static
../Drivers/BSP/Components/vl53l4cx/modules/vl53lx_api_core.c:2063:14:VL53LX_get_device_results	152	static
../Drivers/BSP/Components/vl53l4cx/modules/vl53lx_api_core.c:2494:14:VL53LX_clear_interrupt_and_enable_next_range	24	static
../Drivers/BSP/Components/vl53l4cx/modules/vl53lx_api_core.c:2526:14:VL53LX_get_histogram_bin_data	336	static
../Drivers/BSP/Components/vl53l4cx/modules/vl53lx_api_core.c:2777:6:VL53LX_copy_sys_and_core_results_to_range_results	48	static
../Drivers/BSP/Components/vl53l4cx/modules/vl53lx_api_core.c:2978:14:VL53LX_set_zone_dss_config	32	static
../Drivers/BSP/Components/vl53l4cx/modules/vl53lx_api_core.c:3008:14:VL53LX_set_dmax_mode	24	static
../Drivers/BSP/Components/vl53l4cx/modules/vl53lx_api_core.c:3028:14:VL53LX_get_dmax_mode	24	static
../Drivers/BSP/Components/vl53l4cx/modules/vl53lx_api_core.c:3048:14:VL53LX_get_dmax_calibration_data	32	static
../Drivers/BSP/Components/vl53l4cx/modules/vl53lx_api_core.c:3090:14:VL53LX_set_offset_correction_mode	24	static
../Drivers/BSP/Components/vl53l4cx/modules/vl53lx_api_core.c:3111:14:VL53LX_get_offset_correction_mode	24	static
../Drivers/BSP/Components/vl53l4cx/modules/vl53lx_api_core.c:3134:14:VL53LX_get_tuning_debug_data	32	static
../Drivers/BSP/Components/vl53l4cx/modules/vl53lx_api_core.c:3581:14:VL53LX_get_tuning_parm	40	static
../Drivers/BSP/Components/vl53l4cx/modules/vl53lx_api_core.c:4357:14:VL53LX_set_tuning_parm	40	static
../Drivers/BSP/Components/vl53l4cx/modules/vl53lx_api_core.c:5144:14:VL53LX_dynamic_xtalk_correction_enable	24	static
../Drivers/BSP/Components/vl53l4cx/modules/vl53lx_api_core.c:5164:14:VL53LX_dynamic_xtalk_correction_disable	24	static
../Drivers/BSP/Components/vl53l4cx/modules/vl53lx_api_core.c:5184:14:VL53LX_dynamic_xtalk_correction_apply_disable	24	static
../Drivers/BSP/Components/vl53l4cx/modules/vl53lx_api_core.c:5204:14:VL53LX_dynamic_xtalk_correction_single_apply_enable	24	static
../Drivers/BSP/Components/vl53l4cx/modules/vl53lx_api_core.c:5224:14:VL53LX_dynamic_xtalk_correction_single_apply_disable	24	static
../Drivers/BSP/Components/vl53l4cx/modules/vl53lx_api_core.c:5245:14:VL53LX_dynamic_xtalk_correction_apply_enable	24	static
../Drivers/BSP/Components/vl53l4cx/modules/vl53lx_api_core.c:5270:14:VL53LX_get_current_xtalk_settings	24	static
../Drivers/BSP/Components/vl53l4cx/modules/vl53lx_api_core.c:5304:14:VL53LX_set_current_xtalk_settings	24	static
