../Drivers/BSP/Components/vl53l4cx/modules/vl53lx_hist_algos_gen3.c:42:6:VL53LX_f_003	24	static
../Drivers/BSP/Components/vl53l4cx/modules/vl53lx_hist_algos_gen3.c:94:14:VL53LX_f_006	96	static
../Drivers/BSP/Components/vl53l4cx/modules/vl53lx_hist_algos_gen3.c:196:14:VL53LX_f_007	24	static
../Drivers/BSP/Components/vl53l4cx/modules/vl53lx_hist_algos_gen3.c:234:14:VL53LX_f_008	24	static
../Drivers/BSP/Components/vl53l4cx/modules/vl53lx_hist_algos_gen3.c:283:14:VL53LX_f_009	32	static
../Drivers/BSP/Components/vl53l4cx/modules/vl53lx_hist_algos_gen3.c:375:14:VL53LX_f_016	72	static
../Drivers/BSP/Components/vl53l4cx/modules/vl53lx_hist_algos_gen3.c:454:14:VL53LX_f_010	32	static
../Drivers/BSP/Components/vl53l4cx/modules/vl53lx_hist_algos_gen3.c:492:14:VL53LX_f_015	64	static
../Drivers/BSP/Components/vl53l4cx/modules/vl53lx_hist_algos_gen3.c:573:14:VL53LX_f_020	144	static
../Drivers/BSP/Components/vl53l4cx/modules/vl53lx_hist_algos_gen3.c:641:14:VL53LX_f_011	32	static
../Drivers/BSP/Components/vl53l4cx/modules/vl53lx_hist_algos_gen3.c:684:14:VL53LX_f_014	112	static
../Drivers/BSP/Components/vl53l4cx/modules/vl53lx_hist_algos_gen3.c:778:6:VL53LX_f_017	24	static
