../Src/tim.c:36:6:MX_TIM1_Init	112	static
../Src/tim.c:110:6:MX_TIM6_Init	24	static
../Src/tim.c:143:6:MX_TIM7_Init	24	static
../Src/tim.c:176:6:MX_TIM8_Init	96	static
../Src/tim.c:245:6:MX_TIM15_Init	112	static
../Src/tim.c:320:6:MX_TIM16_Init	8	static
../Src/tim.c:347:6:MX_TIM17_Init	8	static
../Src/tim.c:374:6:HAL_TIM_Base_MspInit	40	static
../Src/tim.c:449:6:HAL_TIM_PWM_MspInit	24	static
../Src/tim.c:464:6:HAL_TIM_MspPostInit	48	static
../Src/tim.c:542:6:HAL_TIM_Base_MspDeInit	16	static
../Src/tim.c:616:6:HAL_TIM_PWM_MspDeInit	16	static
